// Jest Snapshot v1, https://goo.gl/fbAQLP

exports[`Loader.vue matched snapshot 1`] = `<div class="loader" style="display: none;">Loading...</div>`;
