// Jest Snapshot v1, https://goo.gl/fbAQLP

exports[`Title.vue matched snapshot 1`] = `
<div class="title">
  <h1></h1>
</div>
`;
